
> learning@0.1.0 build
> react-scripts build

Creating an optimized production build...
Compiled successfully.

File sizes after gzip:

  169.02 kB (+10 B)  build/static/js/main.dc9b9567.js
  160.16 kB          build/static/js/4503.b3572aca.chunk.js
  155.11 kB          build/static/js/5653.97866c91.chunk.js
  135.28 kB          build/static/js/8913.3caa2270.chunk.js
  86.21 kB           build/static/js/5591.8e3cd612.chunk.js
  76.88 kB           build/static/js/3512.171bd895.chunk.js
  72.54 kB           build/static/js/4766.c5e4f5bf.chunk.js
  56.54 kB           build/static/js/2787.ffd01122.chunk.js
  45.85 kB           build/static/js/8712.1045b785.chunk.js
  44.57 kB           build/static/css/8712.3d9e337a.chunk.css
  43.41 kB           build/static/js/4534.176272aa.chunk.js
  41.5 kB            build/static/js/921.4937f4d5.chunk.js
  38.23 kB           build/static/js/776.173a1fb8.chunk.js
  37.49 kB           build/static/css/6265.d4163d66.chunk.css
  34.11 kB (-1 B)    build/static/js/3179.1377be8a.chunk.js
  31.63 kB           build/static/js/6487.426d2290.chunk.js
  29.78 kB           build/static/js/6265.862b80f4.chunk.js
  28.26 kB           build/static/css/3289.58c31f4c.chunk.css
  24.19 kB           build/static/js/3289.d4cd3d25.chunk.js
  23.48 kB           build/static/js/6382.05db147e.chunk.js
  22.73 kB           build/static/css/3179.ca3219f2.chunk.css
  21.56 kB           build/static/js/5110.aaf99e53.chunk.js
  21.47 kB           build/static/js/8464.4db4d862.chunk.js
  21.14 kB           build/static/css/1085.d731379f.chunk.css
  21.13 kB           build/static/js/8851.8b9b8200.chunk.js
  20.79 kB           build/static/js/267.84293a00.chunk.js
  19.93 kB           build/static/js/6791.936d5bf3.chunk.js
  19.58 kB           build/static/css/1622.5b41bf3d.chunk.css
  18.73 kB           build/static/js/2370.1afbb737.chunk.js
  18.7 kB            build/static/css/2710.f291a0c4.chunk.css
  18.63 kB           build/static/js/1130.c44fc750.chunk.js
  18.49 kB           build/static/js/480.89b840cf.chunk.js
  17.92 kB           build/static/css/4660.33af7af0.chunk.css
  17.01 kB           build/static/js/1622.e9909713.chunk.js
  16.81 kB           build/static/js/9950.e26d44f0.chunk.js
  16.69 kB           build/static/js/2682.32ad66b3.chunk.js
  16.6 kB            build/static/js/9712.9e8dee03.chunk.js
  16.22 kB           build/static/js/9454.fcdea76c.chunk.js
  15.55 kB           build/static/js/1629.9d33328c.chunk.js
  15.36 kB           build/static/js/4660.694bd423.chunk.js
  15.09 kB           build/static/css/3292.b925b5f0.chunk.css
  14.66 kB           build/static/css/6678.b26d2c27.chunk.css
  13.8 kB            build/static/js/1085.4aaf8d17.chunk.js
  13.73 kB           build/static/js/2882.19ebd909.chunk.js
  13.51 kB           build/static/js/4080.e19c6fca.chunk.js
  13.41 kB           build/static/js/2836.009d61ae.chunk.js
  13.19 kB           build/static/js/1972.1e330447.chunk.js
  13.08 kB           build/static/css/957.7fed41e1.chunk.css
  13.01 kB           build/static/css/1130.e3cb8069.chunk.css
  12.42 kB           build/static/js/6839.6f8a911f.chunk.js
  12.35 kB           build/static/css/1972.38c28ac6.chunk.css
  12.08 kB           build/static/css/main.d55cb668.css
  11.86 kB           build/static/js/4626.b9612d96.chunk.js
  11.78 kB           build/static/js/6617.9067d1b4.chunk.js
  11.49 kB           build/static/css/6839.d87ebfdc.chunk.css
  11.35 kB           build/static/js/5845.183c9c89.chunk.js
  11.2 kB            build/static/js/7103.accf26f7.chunk.js
  11.15 kB           build/static/js/389.61f63229.chunk.js
  11.12 kB           build/static/js/7003.1cd13e56.chunk.js
  11.09 kB           build/static/js/8119.5d3dbb40.chunk.js
  10.95 kB           build/static/js/3305.e5dd3ad4.chunk.js
  10.55 kB           build/static/js/2710.fbc6caf1.chunk.js
  10.48 kB           build/static/js/7496.0e644349.chunk.js
  10.44 kB           build/static/js/7706.d1cfa2be.chunk.js
  10.4 kB            build/static/js/6822.960e6583.chunk.js
  10.21 kB           build/static/js/9223.3fe51375.chunk.js
  10.1 kB            build/static/js/4628.298a2db1.chunk.js
  9.95 kB            build/static/js/9785.1a00c9c8.chunk.js
  9.86 kB            build/static/js/2254.3515ede9.chunk.js
  9.82 kB            build/static/js/9752.830835b4.chunk.js
  9.77 kB            build/static/js/3784.dcbc925e.chunk.js
  9.75 kB            build/static/js/7436.2a39405f.chunk.js
  9.67 kB            build/static/css/6617.e8144e53.chunk.css
  9.4 kB             build/static/css/9924.8bed7486.chunk.css
  9.26 kB            build/static/js/2558.30f875b5.chunk.js
  9.14 kB            build/static/js/3415.706252ed.chunk.js
  9.01 kB            build/static/js/9320.d9f4650e.chunk.js
  8.99 kB            build/static/js/5436.dbf3ddef.chunk.js
  8.67 kB            build/static/js/9845.cdfd004f.chunk.js
  8.61 kB            build/static/js/8390.5285e6e0.chunk.js
  8.6 kB             build/static/js/3292.6be44f62.chunk.js
  8.6 kB             build/static/js/9439.4dd2e2a6.chunk.js
  8.6 kB             build/static/js/9810.527630a5.chunk.js
  8.49 kB            build/static/js/9868.388afc56.chunk.js
  8.4 kB             build/static/js/2421.c347e06f.chunk.js
  8.33 kB            build/static/css/1541.f8a1b390.chunk.css
  8.31 kB            build/static/js/1541.f2e33430.chunk.js
  8.28 kB            build/static/js/6972.0e668234.chunk.js
  8.22 kB            build/static/js/9423.c59ccc92.chunk.js
  8 kB               build/static/js/7615.c5525463.chunk.js
  7.93 kB            build/static/js/2554.d5cd5922.chunk.js
  7.72 kB            build/static/js/3339.eed11577.chunk.js
  7.47 kB            build/static/js/8292.6c1b51ef.chunk.js
  7.4 kB             build/static/js/7665.ce47c0c4.chunk.js
  7.33 kB            build/static/js/2473.1757f5e1.chunk.js
  7.26 kB            build/static/js/4264.5cc0bc1b.chunk.js
  6.97 kB            build/static/css/9524.f59e409b.chunk.css
  6.92 kB            build/static/js/6898.3e9da05f.chunk.js
  6.73 kB            build/static/js/2024.d22db07e.chunk.js
  6.72 kB            build/static/css/1782.cd494319.chunk.css
  6.72 kB            build/static/css/5845.5ba40efb.chunk.css
  6.71 kB            build/static/js/6914.6edda148.chunk.js
  6.66 kB            build/static/js/778.d0e6818b.chunk.js
  6.56 kB            build/static/css/7436.8344115a.chunk.css
  6.36 kB            build/static/js/9524.b64413b1.chunk.js
  6.26 kB            build/static/css/2103.cebb5ec0.chunk.css
  6.18 kB            build/static/js/8060.ca428401.chunk.js
  6.11 kB            build/static/css/4522.ce4472c8.chunk.css
  6.01 kB            build/static/js/2103.3d85bac2.chunk.js
  5.97 kB            build/static/css/629.5bcfe5da.chunk.css
  5.96 kB            build/static/js/1782.01d829ff.chunk.js
  5.84 kB            build/static/js/9465.f6afd2ab.chunk.js
  5.83 kB            build/static/js/1399.2c9ab9ae.chunk.js
  5.76 kB            build/static/js/2042.cbd00bef.chunk.js
  5.66 kB            build/static/js/6489.a3a8d420.chunk.js
  5.56 kB            build/static/css/6382.8e1297c6.chunk.css
  5.56 kB            build/static/css/3339.29521901.chunk.css
  5.54 kB            build/static/js/4522.61fcab53.chunk.js
  5.34 kB            build/static/css/3415.bbabbeee.chunk.css
  5.29 kB            build/static/css/9439.63bddeb6.chunk.css
  5.23 kB            build/static/js/3125.c9fabd7c.chunk.js
  5.19 kB            build/static/js/8848.d11d6abf.chunk.js
  5.18 kB            build/static/js/37.5f19ffda.chunk.js
  5.12 kB            build/static/css/2882.b2fc7c35.chunk.css
  5.09 kB            build/static/css/9223.96da0636.chunk.css
  5.02 kB            build/static/js/4243.a1abc2f4.chunk.js
  4.89 kB            build/static/css/2042.33894b22.chunk.css
  4.8 kB             build/static/css/6914.daea85ba.chunk.css
  4.8 kB             build/static/js/1918.eb8de197.chunk.js
  4.74 kB            build/static/js/7371.d34e5617.chunk.js
  4.67 kB            build/static/js/4487.5a90e4f9.chunk.js
  4.61 kB            build/static/js/8236.3804730b.chunk.js
  4.6 kB             build/static/js/3253.d277a41b.chunk.js
  4.53 kB            build/static/css/8236.1ceffa49.chunk.css
  4.43 kB            build/static/js/5901.314b00c0.chunk.js
  4.4 kB             build/static/css/435.e38421c9.chunk.css
  4.39 kB            build/static/css/8292.08f3237e.chunk.css
  4.38 kB            build/static/js/3546.2ddfda2f.chunk.js
  4.38 kB            build/static/css/2554.06e34dfe.chunk.css
  4.38 kB            build/static/js/5860.7fe5d00c.chunk.js
  4.38 kB            build/static/js/4643.0ffd57a2.chunk.js
  4.37 kB            build/static/js/945.2b3cf246.chunk.js
  4.35 kB            build/static/css/3512.a8469e29.chunk.css
  4.3 kB             build/static/css/6898.329d8eea.chunk.css
  4.25 kB (+1 B)     build/static/js/4799.506623fc.chunk.js
  4.24 kB            build/static/js/2892.caa7a765.chunk.js
  4.18 kB            build/static/css/1855.a3994a78.chunk.css
  4.17 kB            build/static/css/9320.aa126df8.chunk.css
  4.03 kB            build/static/js/6952.b9231803.chunk.js
  4 kB               build/static/css/6489.d190c596.chunk.css
  3.97 kB            build/static/js/4510.6b67faa3.chunk.js
  3.84 kB            build/static/js/5866.f9fb04a0.chunk.js
  3.67 kB            build/static/js/3979.42a77a40.chunk.js
  3.65 kB            build/static/css/2787.0525a4e2.chunk.css
  3.65 kB            build/static/js/6132.35128ce2.chunk.js
  3.61 kB            build/static/js/3678.4ee8e4ee.chunk.js
  3.61 kB            build/static/js/6611.4b71f221.chunk.js
  3.47 kB            build/static/js/1855.cd2eebff.chunk.js
  3.44 kB            build/static/css/7615.5c9a4c52.chunk.css
  3.41 kB            build/static/js/8603.d686ae89.chunk.js
  3.33 kB            build/static/js/968.33a6a1c0.chunk.js
  3.31 kB            build/static/css/7003.4b9b89e8.chunk.css
  3.21 kB            build/static/css/6972.ca15d420.chunk.css
  3.2 kB             build/static/css/2254.0687b556.chunk.css
  3.11 kB            build/static/css/8390.04b32d39.chunk.css
  3.07 kB            build/static/css/8603.1c63f82a.chunk.css
  3.05 kB            build/static/css/3305.7bdd43a1.chunk.css
  3.01 kB            build/static/css/968.8e817e93.chunk.css
  2.96 kB            build/static/css/1399.5465727f.chunk.css
  2.84 kB            build/static/js/6792.9180dc58.chunk.js
  2.82 kB            build/static/css/9810.b9f6db20.chunk.css
  2.81 kB            build/static/css/7496.842bc536.chunk.css
  2.79 kB            build/static/js/4057.963f4d5d.chunk.js
  2.74 kB            build/static/js/8342.62177a7d.chunk.js
  2.71 kB            build/static/css/2892.6db3286c.chunk.css
  2.71 kB            build/static/css/4799.0a9018c1.chunk.css
  2.64 kB            build/static/css/8299.5464f99b.chunk.css
  2.44 kB            build/static/js/9175.3b798762.chunk.js
  2.39 kB            build/static/css/3678.2869b194.chunk.css
  2.39 kB            build/static/css/5866.2869b194.chunk.css
  2.37 kB            build/static/css/2370.b63c68ff.chunk.css
  2.35 kB            build/static/js/7807.e78bfd53.chunk.js
  2.34 kB            build/static/js/3462.a6347b02.chunk.js
  2.28 kB            build/static/css/3125.6dc05be7.chunk.css
  2.22 kB            build/static/css/6843.dfa3c87b.chunk.css
  2.16 kB            build/static/js/4088.8197b0af.chunk.js
  2.1 kB             build/static/js/7136.6741f443.chunk.js
  1.89 kB            build/static/js/8299.4b77d01d.chunk.js
  1.87 kB            build/static/css/7807.8d6ca01c.chunk.css
  1.8 kB             build/static/js/4504.fc6b8e3d.chunk.js
  1.79 kB            build/static/css/6952.396a7188.chunk.css
  1.79 kB            build/static/css/9232.396a7188.chunk.css
  1.76 kB            build/static/css/5582.a13c00c3.chunk.css
  1.76 kB            build/static/css/8119.a13c00c3.chunk.css
  1.71 kB            build/static/css/9845.c5ef882c.chunk.css
  1.57 kB            build/static/css/1422.5914e802.chunk.css
  1.5 kB             build/static/js/6843.baaed6fd.chunk.js
  1.42 kB            build/static/js/2246.09e2fe08.chunk.js
  1.34 kB            build/static/js/4961.6fe5f292.chunk.js
  1.21 kB            build/static/js/1422.4e06bdac.chunk.js
  1.12 kB            build/static/css/3646.b39daf62.chunk.css
  1.12 kB            build/static/css/4504.b39daf62.chunk.css
  1.12 kB            build/static/css/9175.b39daf62.chunk.css
  1.04 kB            build/static/css/4961.63db9f1b.chunk.css
  949 B              build/static/css/8342.bec14fbf.chunk.css
  920 B              build/static/js/2376.7670fd3c.chunk.js
  901 B              build/static/js/3635.7d2ae0f4.chunk.js
  877 B              build/static/js/397.e014541e.chunk.js
  873 B              build/static/js/3646.44c5608e.chunk.js
  866 B              build/static/css/6838.3e39c59f.chunk.css
  847 B              build/static/js/8646.05ab8b44.chunk.js
  799 B              build/static/css/2246.08afc3a5.chunk.css
  746 B              build/static/js/4299.6976ca72.chunk.js
  730 B              build/static/css/2778.1cf4f574.chunk.css
  630 B              build/static/js/8853.73ecab3a.chunk.js
  587 B              build/static/css/7371.30de0c4b.chunk.css
  569 B              build/static/js/3822.0032d46a.chunk.js
  510 B              build/static/js/2778.3327fa11.chunk.js
  410 B              build/static/js/3622.f42ae361.chunk.js
  359 B              build/static/js/2257.9caa4001.chunk.js
  310 B              build/static/js/1600.cc113c18.chunk.js
  310 B              build/static/js/1956.15c95a4c.chunk.js
  305 B              build/static/js/1859.afdfd896.chunk.js
  211 B              build/static/js/9399.b3bfa8a0.chunk.js
  203 B              build/static/js/8393.84ae1337.chunk.js
  158 B              build/static/js/813.691c5eae.chunk.js
  157 B              build/static/js/6765.f5a5618a.chunk.js
  156 B              build/static/js/223.015de19f.chunk.js
  156 B              build/static/js/4576.66f068f4.chunk.js
  154 B              build/static/js/9956.7d9d5336.chunk.js
  154 B              build/static/js/3052.9d8c82fe.chunk.js
  154 B              build/static/js/8906.e9b146a1.chunk.js
  153 B              build/static/js/7266.bd89ae1f.chunk.js
  153 B              build/static/js/5127.56ffbc3b.chunk.js
  152 B              build/static/js/376.279889cd.chunk.js
  151 B              build/static/js/2225.6dbf99fe.chunk.js
  150 B              build/static/js/5619.3e532917.chunk.js
  150 B              build/static/js/59.aa899ae6.chunk.js
  149 B              build/static/js/3086.d98bc138.chunk.js
  149 B              build/static/js/5396.daf9660c.chunk.js

The project was built assuming it is hosted at /.
You can control this with the homepage field in your package.json.

The build folder is ready to be deployed.
You may serve it with a static server:

  npm install -g serve
  serve -s build

Find out more about deployment here:

  https://cra.link/deployment

